{"event": "entry_start", "attempt": "v5-e-t050-p100", "time": "2026-09-07T09:26:39.547077+00:00"}
{"event": "entry_terminal", "attempt": "v5-e-t050-p100", "return_code": 0}
{"event": "entry_start", "attempt": "v5-e-t070-p100", "time": "2026-09-07T09:28:13.608200+00:00"}
{"event": "entry_terminal", "attempt": "v5-e-t070-p100", "return_code": 0}
{"event": "entry_start", "attempt": "v5-e-t085-p100", "time": "2026-09-07T09:29:36.140215+00:00"}
{"event": "entry_terminal", "attempt": "v5-e-t085-p100", "return_code": 0}
{"event": "entry_start", "attempt": "v5-e-t100-p100", "time": "2026-09-07T09:30:57.973224+00:00"}
{"event": "entry_terminal", "attempt": "v5-e-t100-p100", "return_code": 0}
{"event": "entry_start", "attempt": "v5-s-t050-p100", "time": "2026-09-07T09:32:20.972154+00:00"}
{"event": "entry_terminal", "attempt": "v5-s-t050-p100", "return_code": 0}
{"event": "entry_start", "attempt": "v5-s-t070-p100", "time": "2026-09-07T09:33:43.369907+00:00"}
{"event": "entry_terminal", "attempt": "v5-s-t070-p100", "return_code": 0}
{"event": "entry_start", "attempt": "v5-s-t085-p100", "time": "2026-09-07T09:35:17.298886+00:00"}
{"event": "entry_terminal", "attempt": "v5-s-t085-p100", "return_code": 0}
{"event": "entry_start", "attempt": "v5-s-t100-p100", "time": "2026-09-07T09:36:53.570879+00:00"}
{"event": "entry_terminal", "attempt": "v5-s-t100-p100", "return_code": 0}
{"event": "entry_start", "attempt": "v5-r-t050-p100", "time": "2026-09-07T09:38:16.988312+00:00"}
{"event": "entry_terminal", "attempt": "v5-r-t050-p100", "return_code": 0}
{"event": "entry_start", "attempt": "v5-r-t070-p100", "time": "2026-09-07T09:40:02.759690+00:00"}
{"event": "entry_terminal", "attempt": "v5-r-t070-p100", "return_code": 0}
{"event": "entry_start", "attempt": "v5-r-t085-p100", "time": "2026-09-07T09:41:49.809470+00:00"}
{"event": "entry_terminal", "attempt": "v5-r-t085-p100", "return_code": 0}
{"event": "entry_start", "attempt": "v5-r-t100-p100", "time": "2026-09-07T09:43:23.786414+00:00"}
{"event": "entry_terminal", "attempt": "v5-r-t100-p100", "return_code": 0}
{"event": "screen_terminal", "any_failed": false, "time": "2026-09-07T09:44:53.588847+00:00"}
